Testing GEMINI_API_KEY...
Key length: 39
Testing gemini-1.5-flash...
Chat failed: [GoogleGenerativeAI Error]: Error fetching from https://generativelanguage.googleapis.com/v1beta/models/gemini-1.5-flash:generateContent: fetch failed
Testing text-embedding-004...
Embedding (text-embedding-004) failed: [GoogleGenerativeAI Error]: Error fetching from https://generativelanguage.googleapis.com/v1beta/models/text-embedding-004:embedContent: fetch failed
Testing gemini-embedding-2...
Embedding (gemini-embedding-2) failed: [GoogleGenerativeAI Error]: Error fetching from https://generativelanguage.googleapis.com/v1beta/models/gemini-embedding-2:embedContent: fetch failed
